[rsave.in/index.html]
[rsave.in/style.css]
[rsave.in/css/bootstrap.min.css]
[rsave.in/css/revslider.css]
[rsave.in/css/responsive.css]
[rsave.in/css/colors/blue.css]
[rsave.in/style-switcher/style-switcher.css]
[rsave.in/image/favicon.ico]
[ajax.googleapis.com/ajax/libs/jquery/3.2.1/jquery.min.js]
[rsave.in/js/jquery-1.8.2.min.js]
[rsave.in/js/ie.js]
[rsave.in/js/jquery.easing.1.3.js]
[rsave.in/js/modernizr.custom.js]
[rsave.in/js/ddlevelsmenu.js]
[rsave.in/js/tinynav.min.js]
[rsave.in/js/jquery.validate.min.js]
[rsave.in/js/jquery.flexslider-min.js]
[rsave.in/js/jquery.jcarousel.min.js]
[rsave.in/js/jquery.ui.totop.min.js]
[rsave.in/js/jquery.fitvids.js]
[rsave.in/js/jquery.tweet.js]
[rsave.in/js/jquery.tipsy.js]
[rsave.in/js/revslider.jquery.themepunch.plugins.min.js]
[rsave.in/js/revslider.jquery.themepunch.revolution.js]
[rsave.in/js/jquery.fancybox.pack.js]
[rsave.in/js/jquery.fancybox-media.js]
[rsave.in/js/froogaloop.min.js]
[backblue.gif]
[fade.gif]
[index.html]
[rsave.in/js/custom.js]
[rsave.in/index-2.html]
[rsave.in/image/Companylogo.png]
[rsave.in/about_us.html]
[rsave.in/financial_planning.html]
[rsave.in/wealth_management.html]
[rsave.in/insurance_planning.html]
[rsave.in/tax_planning.html]
[rsave.in/nps.html]
[rsave.in/mutual_fund.html]
[rsave.in/fixed_deposits.html]
[rsave.in/corporate_deposit.html]
[rsave.in/54ecbonds.html]
[rsave.in/infrastructure_bonds.html]
[rsave.in/debentures.html]
[rsave.in/postal_services.html]
[rsave.in/taxable.html]
[rsave.in/life_insurance.html]
[rsave.in/general_insurance.html]
[rsave.in/loan.html]
[rsave.in/income_tax_rules.html]
[rsave.in/wealth_tax_rules.html]
[rsave.in/tax_saving_scheme.html]
[rsave.in/tax_slabs.html]
[rsave.in/nri_taxation.html]
[rsave.in/real_estate.html]
[rsave.in/nri_desk.html]
[rsave.in/child's_education_planning.html]
[rsave.in/child's_wedding_planning.html]
[rsave.in/dream_home.html]
[rsave.in/dream_car.html]
[rsave.in/dream_vacation.html]
[rsave.in/retirement_planning.html]
[rsave.in/family_protection.html]
[rsave.in/custom_goal.html]
[rsave.in/mutual_fund_forms.html]
[rsave.in/financial_calculators.html]
[rsave.in/contact.html]
[rsave.in/images/slider/slides/940x400/mutual-fund.png]
[rsave.in/images/slider/slides/940x400/retirement-planning.png]
[rsave.in/images/slider/slides/940x400/tax-planning.png]
[rsave.in/image/1.jpg]
[rsave.in/image/2.jpg]
[rsave.in/image/3.jpg]
[rsave.in/image/4.jpg]
[rsave.in/emi.html]
[rsave.in/image/EMI1.jpg]
[rsave.in/crorepati.html]
[rsave.in/image/Crorepati_Calculator.jpg]
[rsave.in/image/5.jpg]
[rsave.in/image/6.jpg]
[rsave.in/image/7.jpg]
[rsave.in/image/8.jpg]
[rsave.in/sip.html]
[rsave.in/image/SIP.jpg]
[rsave.in/Fv.html]
[rsave.in/image/FV1.jpg]
[rsave.in/image/rbi.png]
[rsave.in/image/fd.png]
[rsave.in/pms.html]
[rsave.in/image/pms.png]
[rsave.in/image/loan.png]
[rsave.in/image/tax.png]
[rsave.in/ipo.html]
[rsave.in/image/guidance.png]
[rsave.in/image/pay.png]
[rsave.in/image/fp.png]
[rsave.in/image/nri.png]
[rsave.in/image/amc.png]
[rsave.in/image/calculator.png]
[rsave.in/image/mf.png]
[rsave.in/js/bootstrap.min.js]
[rsave.in/index.html]
[rsave.in/css/html5-reset.css]
[rsave.in/js/jquery-ui-1.10.0.custom.min.js]
[rsave.in/css/flexslider.css]
[rsave.in/css/tipsy.css]
[rsave.in/css/jquery.fancybox.css]
[rsave.in/css/shortcodes.css]
[rsave.in/images/background-patterns/boxed/wild_oliva.png]
[rsave.in/images/page-title-bg/grey.png]
[rsave.in/images/icon-boxes/applications.png]
[rsave.in/images/icon-boxes/cog.png]
[rsave.in/images/icon-boxes/iphone.png]
[rsave.in/images/icon-boxes/chemical.png]
[rsave.in/images/icon-boxes/computer.png]
[rsave.in/images/icon-boxes/globe.png]
[rsave.in/images/icon-boxes/help.png]
[rsave.in/images/icon-boxes/laptop.png]
[rsave.in/images/icon-boxes/light-bulb.png]
[rsave.in/images/icon-boxes/mouse.png]
[rsave.in/images/icon-boxes/suitcase.png]
[rsave.in/images/icon-boxes/write.png]
[rsave.in/images/block-64.png]
[rsave.in/images/carousel-arrows.png]
[rsave.in/images/overlay-zoom.png]
[rsave.in/images/blog/author.png]
[rsave.in/images/blog/folder.png]
[rsave.in/images/blog/comment.png]
[rsave.in/images/magnifying-glass.png]
[rsave.in/images/social-media/twitter.png]
[rsave.in/images/contact/home.png]
[rsave.in/images/contact/phone.png]
[rsave.in/images/contact/fax.png]
[rsave.in/images/contact/mail.png]
[rsave.in/images/contact/clock.png]
[rsave.in/images/social-media/facebook.png]
[rsave.in/images/social-media/google-plus.png]
[rsave.in/images/social-media/linkedin.png]
[rsave.in/images/social-media/vimeo.png]
[rsave.in/images/social-media/youtube.png]
[rsave.in/images/social-media/skype.png]
[rsave.in/images/footer/footer-twitter.png]
[rsave.in/images/footer/footer-facebook.png]
[rsave.in/images/footer/footer-google-plus.png]
[rsave.in/images/footer/footer-linkedin.png]
[rsave.in/images/footer/footer-vimeo.png]
[rsave.in/images/footer/footer-youtube.png]
[rsave.in/images/footer/footer-skype.png]
[rsave.in/images/bullets/list-arrow.png]
[rsave.in/images/scroll-top.png]
[rsave.in/style.css]
[rsave.in/css/bootstrap.min.css]
[rsave.in/images/slider/revslider/slides/slider-bg-repeatable.png]
[rsave.in/images/slider/revslider/assets/timer.png]
[rsave.in/images/slider/nav.png]
[rsave.in/images/slider/arrows.png]
[rsave.in/images/slider/revslider/assets/coloredbg.png]
[rsave.in/images/slider/revslider/assets/loader.gif]
[rsave.in/css/revslider.css]
[rsave.in/css/responsive.css]
[rsave.in/css/colors/blue.css]
[rsave.in/style-switcher/style-switcher.png]
[rsave.in/images/background-patterns/boxed/first_aid_kit.png]
[rsave.in/images/background-patterns/boxed/graphy.png]
[rsave.in/images/background-patterns/boxed/bedge_grunge.png]
[rsave.in/images/background-patterns/boxed/norwegian_rose.png]
[rsave.in/images/background-patterns/boxed/cubes.png]
[rsave.in/images/background-patterns/boxed/debut_dark.png]
[rsave.in/images/background-patterns/boxed/diagonal-noise.png]
[rsave.in/images/background-patterns/boxed/lghtmesh.png]
[rsave.in/images/background-patterns/boxed/light_alu.png]
[rsave.in/images/background-patterns/boxed/noisy_grid.png]
[rsave.in/images/background-patterns/boxed/farmer.png]
[rsave.in/images/background-patterns/boxed/rough_diagonal.png]
[rsave.in/images/background-patterns/boxed/mirrored_squares.png]
[rsave.in/images/background-patterns/boxed/nasty_fabric.png]
[rsave.in/images/background-patterns/boxed/otis_redding.png]
[rsave.in/images/background-patterns/boxed/ravenna.png]
[rsave.in/images/background-patterns/boxed/soft_wallpaper.png]
[rsave.in/images/background-patterns/boxed/shattered.png]
[rsave.in/images/background-patterns/boxed/wavecut.png]
[rsave.in/images/background-patterns/boxed/grid.png]
[rsave.in/images/page-title-bg/bright-squares.png]
[rsave.in/images/page-title-bg/gplaypattern.png]
[rsave.in/images/page-title-bg/light-wool.png]
[rsave.in/images/page-title-bg/noise-pattern-with-crosslines.png]
[rsave.in/images/page-title-bg/strange-bullseyes.png]
[rsave.in/images/page-title-bg/subtle-freckles.png]
[rsave.in/style-switcher/style-switcher.css]
[rsave.in/index-2.html]
[rsave.in/image/certificate.png]
[rsave.in/image/N RAMACHANDRABABU B (1).pdf]
[rsave.in/about_us.html]
[rsave.in/financial_planning.html]
[rsave.in/wealth_management.html]
[rsave.in/insurance_planning.html]
[rsave.in/tax_planning.html]
[rsave.in/nps.html]
[rsave.in/image/mutual_fund.jpg]
[rsave.in/mutual_fund.html]
[rsave.in/fixed_deposits.html]
[rsave.in/equity.html]
[rsave.in/corporate_deposit.html]
[rsave.in/54ecbonds.html]
[rsave.in/infrastructure_bonds.html]
[rsave.in/debentures.html]
[rsave.in/postal_services.html]
[rsave.in/taxable.html]
[rsave.in/image/life_insurance.jpg]
[rsave.in/life_insurance.html]
[rsave.in/general_insurance.html]
[rsave.in/loan.html]
[rsave.in/term_insurance.html]
[rsave.in/income_tax_rules.html]
[rsave.in/wealth_tax_rules.html]
[rsave.in/tax_saving_scheme.html]
[rsave.in/tax_slabs.html]
[rsave.in/nri_taxation.html]
[rsave.in/image/contact.jpg]
[rsave.in/real_estate.html]
[rsave.in/nri_desk.html]
[rsave.in/child's_education_planning.html]
[rsave.in/Calculators/neweducation.html]
[rsave.in/child's_wedding_planning.html]
[rsave.in/Calculators/newmarriage.html]
[rsave.in/dream_home.html]
[rsave.in/Calculators/newhouse.html]
[rsave.in/dream_car.html]
[rsave.in/Calculators/newcar.html]
[rsave.in/Calculators/newvacation.html]
[rsave.in/dream_vacation.html]
[rsave.in/Calculators/newretirement.html]
[rsave.in/retirement_planning.html]
[rsave.in/family_protection.html]
[rsave.in/Calculators/newinsurance.html]
[rsave.in/custom_goal.html]
[rsave.in/Calculators/customgoal.html]
[ajax.googleapis.com/ajax/libs/jquery/3.3.1/jquery.min.js]
[rsave.in/mutual_fund_forms.html]
[rsave.in/financial_calculators.html]
[rsave.in/lib/bootstrap/css/bootstrap-datetimepicker.css]
[valor-software.com/ngx-bootstrap/assets/css/glyphicons.css]
[rsave.in/lib/jquery/jquery.min.js]
[cdnjs.cloudflare.com/ajax/libs/moment.js/2.10.6/moment.min.js]
[rsave.in/lib/bootstrap/js/bootstrap-datetimepicker.min.js]
[rsave.in/js/main.js]
[rsave.in/js/view.contact.js]
[rsave.in/contact.html]
[rsave.in/js/catpcha.js]
[rsave.in/Calculators/EMI76b8.html]
[rsave.in/educational_videos.html]
[rsave.in/kyc.html]
[rsave.in/emi.html]
[rsave.in/crorepati.html]
[rsave.in/child's_wedding_pla4nning.html]
[rsave.in/sip.html]
[rsave.in/Calculators/SIP76b8.html]
[rsave.in/Fv.html]
[rsave.in/Calculators/FV76b8.html]
[rsave.in/image/pms.jpg]
[rsave.in/pms.html]
[rsave.in/ipo.html]
[rsave.in/css/html5-reset.css]
[rsave.in/css/flexslider.css]
[rsave.in/css/tipsy.css]
[rsave.in/images/fancybox/fancybox_sprite.png]
[rsave.in/images/fancybox/fancybox_loading.gif]
[rsave.in/images/fancybox/blank.gif]
[rsave.in/images/fancybox/fancybox_buttons.png]
[rsave.in/css/jquery.fancybox.css]
[rsave.in/images/testimonial-arrow.png]
[rsave.in/images/bullets/list-circle.png]
[rsave.in/images/bullets/list-square.png]
[rsave.in/images/bullets/list-check.png]
[rsave.in/images/info-16.png]
[rsave.in/images/tick-16.png]
[rsave.in/images/warning-16.png]
[rsave.in/images/block-16.png]
[rsave.in/images/toggle-plus.png]
[rsave.in/images/toggle-minus.png]
[rsave.in/css/shortcodes.css]
[rsave.in/fonts/glyphicons-halflings-regular.html]
[rsave.in/fonts/glyphicons-halflings-regulard41d.html]
[rsave.in/fonts/glyphicons-halflings-regular-2.html]
[rsave.in/fonts/glyphicons-halflings-regular-3.html]
[rsave.in/fonts/glyphicons-halflings-regular-4.html]
[rsave.in/fonts/glyphicons-halflings-regular-5.html]
[rsave.in/equity.html]
[rsave.in/term_insurance.html]
[rsave.in/Calculators/css/jquery.mobile-1.4.1.css]
[rsave.in/Calculators/formjs.js]
[rsave.in/Calculators/formcss.css]
[rsave.in/Calculators/js/jquery-1.9.1.js]
[rsave.in/Calculators/js/jquery.mobile-1.4.1.js]
[rsave.in/Calculators/css/bootstrap.css]
[rsave.in/Calculators/admin1500.gif]
[rsave.in/Calculators/neweducation.html]
[rsave.in/Calculators/newmarriage.html]
[rsave.in/Calculators/newhouse.html]
[rsave.in/Calculators/newcar.html]
[rsave.in/Calculators/newvacation.html]
[rsave.in/Calculators/newretirement.html]
[rsave.in/Calculators/newinsurance.html]
[rsave.in/Calculators/customgoal.html]
[rsave.in/lib/bootstrap/css/bootstrap-datetimepicker.css]
[valor-software.com/ngx-bootstrap/assets/css/glyphicons.css]
[rsave.in/about.html]
[rsave.in/Calculators/EMI76b8.html]
[rsave.in/educational_videos.html]
[rsave.in/image/pdf.png]
[rsave.in/kyc.html]
[rsave.in/Calculators/SIP76b8.html]
[rsave.in/Calculators/FV76b8.html]
[rsave.in/Calculators/fonts/roboto/RobotoCondensed-Regular.ttf]
[rsave.in/Calculators/fonts/roboto/RobotoCondensed-Bold.ttf]
[rsave.in/Calculators/fonts/sourcesanspro-regular.woff2]
[rsave.in/Calculators/fonts/sourcesanspro-regular.woff]
[rsave.in/Calculators/css/jquery.mobile-1.4.1.css]
[rsave.in/Calculators/formcss.css]
[rsave.in/Calculators/css/bootstrap.css]
[rsave.in/KYC/KYC-Forms-Individual.html]
[rsave.in/KYC/KYC-Non-Individual.html]
[rsave.in/KYC/Change-form-for-Individual.html]
[rsave.in/KYC/KYC-NonIndividual-Change.html]
[rsave.in/KYC/NonIndividualAnnexure031.html]
[rsave.in/KYC/PAN-Appliation.html]
[rsave.in/KYC/PAN-CR-FORM.html]
[rsave.in/KYC/Instructions.html]
[rsave.in/KYC/Form49A.html]
[rsave.in/KYC/Verification-certificate.html]
[rsave.in/Calculators/css/images/icons-png/action-white.html]
[rsave.in/Calculators/css/images/icons-png/alert-white.html]
[rsave.in/Calculators/css/images/icons-png/arrow-d-l-white.html]
[rsave.in/Calculators/css/images/icons-png/arrow-d-r-white.html]
[rsave.in/Calculators/css/images/icons-png/arrow-d-white.html]
[rsave.in/Calculators/css/images/icons-png/arrow-l-white.html]
[rsave.in/Calculators/css/images/icons-png/arrow-r-white.html]
[rsave.in/Calculators/css/images/icons-png/arrow-u-l-white.html]
[rsave.in/Calculators/css/images/icons-png/arrow-u-r-white.html]
[rsave.in/Calculators/css/images/icons-png/arrow-u-white.html]
[rsave.in/Calculators/css/images/icons-png/audio-white.html]
[rsave.in/Calculators/css/images/icons-png/back-white.html]
[rsave.in/Calculators/css/images/icons-png/bars-white.html]
[rsave.in/Calculators/css/images/icons-png/bullets-white.html]
[rsave.in/Calculators/css/images/icons-png/calendar-white.html]
[rsave.in/Calculators/css/images/icons-png/camera-white.html]
[rsave.in/Calculators/css/images/icons-png/carat-d-white.html]
[rsave.in/Calculators/css/images/icons-png/carat-l-white.html]
[rsave.in/Calculators/css/images/icons-png/carat-r-white.html]
[rsave.in/Calculators/css/images/icons-png/carat-u-white.html]
[rsave.in/Calculators/css/images/icons-png/check-white.html]
[rsave.in/Calculators/css/images/icons-png/clock-white.html]
[rsave.in/Calculators/css/images/icons-png/cloud-white.html]
[rsave.in/Calculators/css/images/icons-png/comment-white.html]
[rsave.in/Calculators/css/images/icons-png/delete-white.html]
[rsave.in/Calculators/css/images/icons-png/edit-white.html]
[rsave.in/Calculators/css/images/icons-png/eye-white.html]
[rsave.in/Calculators/css/images/icons-png/forbidden-white.html]
[rsave.in/Calculators/css/images/icons-png/forward-white.html]
[rsave.in/Calculators/css/images/icons-png/gear-white.html]
[rsave.in/Calculators/css/images/icons-png/grid-white.html]
[rsave.in/Calculators/css/images/icons-png/heart-white.html]
[rsave.in/Calculators/css/images/icons-png/home-white.html]
[rsave.in/Calculators/css/images/icons-png/info-white.html]
[rsave.in/Calculators/css/images/icons-png/location-white.html]
[rsave.in/Calculators/css/images/icons-png/lock-white.html]
[rsave.in/Calculators/css/images/icons-png/mail-white.html]
[rsave.in/Calculators/css/images/icons-png/minus-white.html]
[rsave.in/Calculators/css/images/icons-png/navigation-white.html]
[rsave.in/Calculators/css/images/icons-png/phone-white.html]
[rsave.in/Calculators/css/images/icons-png/plus-white.html]
[rsave.in/Calculators/css/images/icons-png/power-white.html]
[rsave.in/Calculators/css/images/icons-png/recycle-white.html]
[rsave.in/Calculators/css/images/icons-png/refresh-white.html]
[rsave.in/Calculators/css/images/icons-png/search-white.html]
[rsave.in/Calculators/css/images/icons-png/shop-white.html]
[rsave.in/Calculators/css/images/icons-png/star-white.html]
[rsave.in/Calculators/css/images/icons-png/tag-white.html]
[rsave.in/Calculators/css/images/icons-png/user-white.html]
[rsave.in/Calculators/css/images/icons-png/video-white.html]
[rsave.in/Calculators/css/images/icons-png/action-black.html]
[rsave.in/Calculators/css/images/icons-png/alert-black.html]
[rsave.in/Calculators/css/images/icons-png/arrow-d-black.html]
[rsave.in/Calculators/css/images/icons-png/arrow-d-l-black.html]
[rsave.in/Calculators/css/images/icons-png/arrow-d-r-black.html]
[rsave.in/Calculators/css/images/icons-png/arrow-l-black.html]
[rsave.in/Calculators/css/images/icons-png/arrow-r-black.html]
[rsave.in/Calculators/css/images/icons-png/arrow-u-black.html]
[rsave.in/Calculators/css/images/icons-png/arrow-u-l-black.html]
[rsave.in/Calculators/css/images/icons-png/arrow-u-r-black.html]
[rsave.in/Calculators/css/images/icons-png/audio-black.html]
[rsave.in/Calculators/css/images/icons-png/back-black.html]
[rsave.in/Calculators/css/images/icons-png/bars-black.html]
[rsave.in/Calculators/css/images/icons-png/bullets-black.html]
[rsave.in/Calculators/css/images/icons-png/calendar-black.html]
[rsave.in/Calculators/css/images/icons-png/camera-black.html]
[rsave.in/Calculators/css/images/icons-png/carat-d-black.html]
[rsave.in/Calculators/css/images/icons-png/carat-l-black.html]
[rsave.in/Calculators/css/images/icons-png/carat-r-black.html]
[rsave.in/Calculators/css/images/icons-png/carat-u-black.html]
[rsave.in/Calculators/css/images/icons-png/check-black.html]
[rsave.in/Calculators/css/images/icons-png/clock-black.html]
[rsave.in/Calculators/css/images/icons-png/cloud-black.html]
[rsave.in/Calculators/css/images/icons-png/comment-black.html]
[rsave.in/Calculators/css/images/icons-png/delete-black.html]
[rsave.in/Calculators/css/images/icons-png/edit-black.html]
[rsave.in/Calculators/css/images/icons-png/eye-black.html]
[rsave.in/Calculators/css/images/icons-png/forbidden-black.html]
[rsave.in/Calculators/css/images/icons-png/forward-black.html]
[rsave.in/Calculators/css/images/icons-png/gear-black.html]
[rsave.in/Calculators/css/images/icons-png/grid-black.html]
[rsave.in/Calculators/css/images/icons-png/heart-black.html]
[rsave.in/Calculators/css/images/icons-png/home-black.html]
[rsave.in/Calculators/css/images/icons-png/info-black.html]
[rsave.in/Calculators/css/images/icons-png/location-black.html]
[rsave.in/Calculators/css/images/icons-png/lock-black.html]
[rsave.in/Calculators/css/images/icons-png/mail-black.html]
[rsave.in/Calculators/css/images/icons-png/minus-black.html]
[rsave.in/Calculators/css/images/icons-png/navigation-black.html]
[rsave.in/Calculators/css/images/icons-png/phone-black.html]
[rsave.in/Calculators/css/images/icons-png/plus-black.html]
[rsave.in/Calculators/css/images/icons-png/power-black.html]
[rsave.in/Calculators/css/images/icons-png/recycle-black.html]
[rsave.in/Calculators/css/images/icons-png/refresh-black.html]
[rsave.in/Calculators/css/images/icons-png/search-black.html]
[rsave.in/Calculators/css/images/icons-png/shop-black.html]
[rsave.in/Calculators/css/images/icons-png/star-black.html]
[rsave.in/Calculators/css/images/icons-png/tag-black.html]
[rsave.in/Calculators/css/images/icons-png/user-black.html]
[rsave.in/Calculators/css/images/icons-png/video-black.html]
[rsave.in/Calculators/css/images/ajax-loader.html]
